// Jest Snapshot v1, https://goo.gl/fbAQLP

exports[`Storyshots Boxes Four grey boxes 1`] = `
<div>
  <div
    style={
      Object {
        "position": "relative",
        "zIndex": 0,
      }
    }
  >
    <section
      style={
        Object {
          "display": "flex",
          "flexDirection": "row",
          "flexWrap": "wrap",
          "justifyContent": "space-between",
          "paddingBottom": "1%",
          "paddingLeft": "1%",
          "paddingRight": "1%",
          "paddingTop": "1%",
        }
      }
    >
      <article
        className="box"
        style={
          Object {
            "backgroundColor": "grey",
            "boxSizing": "border-box",
            "height": 100,
            "marginBottom": "1%",
            "width": "24.5%",
          }
        }
      />
      <article
        className="box"
        style={
          Object {
            "backgroundColor": "grey",
            "boxSizing": "border-box",
            "height": 100,
            "marginBottom": "1%",
            "width": "24.5%",
          }
        }
      />
      <article
        className="box"
        style={
          Object {
            "backgroundColor": "grey",
            "boxSizing": "border-box",
            "height": 100,
            "marginBottom": "1%",
            "width": "24.5%",
          }
        }
      />
      <article
        className="box"
        style={
          Object {
            "backgroundColor": "grey",
            "boxSizing": "border-box",
            "height": 100,
            "marginBottom": "1%",
            "width": "24.5%",
          }
        }
      />
      <article
        className="box"
        style={
          Object {
            "backgroundColor": "grey",
            "boxSizing": "border-box",
            "height": 100,
            "marginBottom": "1%",
            "width": "24.5%",
          }
        }
      />
      <article
        className="box"
        style={
          Object {
            "backgroundColor": "grey",
            "boxSizing": "border-box",
            "height": 100,
            "marginBottom": "1%",
            "width": "24.5%",
          }
        }
      />
      <article
        className="box"
        style={
          Object {
            "backgroundColor": "grey",
            "boxSizing": "border-box",
            "height": 100,
            "marginBottom": "1%",
            "width": "24.5%",
          }
        }
      />
      <article
        className="box"
        style={
          Object {
            "backgroundColor": "grey",
            "boxSizing": "border-box",
            "height": 100,
            "marginBottom": "1%",
            "width": "24.5%",
          }
        }
      />
    </section>
  </div>
  <a
    onClick={[Function]}
    role="button"
    style={
      Object {
        "background": "#28c",
        "borderRadius": "0 0 0 5px",
        "color": "#fff",
        "cursor": "pointer",
        "display": "block",
        "fontFamily": "sans-serif",
        "fontSize": "12px",
        "padding": "5px 15px",
        "position": "fixed",
        "right": 0,
        "textDecoration": "none",
        "top": 0,
      }
    }
    tabIndex="0"
  >
    Show Info
  </a>
  <div
    style={
      Object {
        "background": "white",
        "bottom": 0,
        "display": "none",
        "left": 0,
        "overflow": "auto",
        "padding": "0 40px",
        "position": "fixed",
        "right": 0,
        "top": 0,
        "zIndex": 99999,
      }
    }
  >
    <a
      onClick={[Function]}
      role="button"
      style={
        Object {
          "background": "#28c",
          "borderRadius": "0 0 0 5px",
          "color": "#fff",
          "cursor": "pointer",
          "display": "block",
          "fontFamily": "sans-serif",
          "fontSize": "12px",
          "padding": "5px 15px",
          "position": "fixed",
          "right": 0,
          "textDecoration": "none",
          "top": 0,
        }
      }
      tabIndex="0"
    >
      ×
    </a>
    <div
      style={undefined}
    >
      <div
        style={
          Object {
            "WebkitFontSmoothing": "antialiased",
            "backgroundColor": "#fff",
            "border": "1px solid #eee",
            "borderRadius": "2px",
            "boxShadow": "0px 2px 3px rgba(0, 0, 0, 0.05)",
            "color": "#444",
            "fontFamily": "
              -apple-system, \\".SFNSText-Regular\\", \\"San Francisco\\", \\"Roboto\\",
              \\"Segoe UI\\", \\"Helvetica Neue\\", \\"Lucida Grande\\", sans-serif
            ",
            "fontSize": "15px",
            "fontWeight": 300,
            "lineHeight": 1.45,
            "marginTop": "50px",
            "padding": "20px 40px 40px",
          }
        }
      >
        <div
          style={
            Object {
              "borderBottom": "1px solid #eee",
              "marginBottom": 10,
              "paddingTop": 10,
            }
          }
        >
          <h1
            style={
              Object {
                "fontSize": "35px",
                "margin": 0,
                "padding": 0,
              }
            }
          >
            Boxes
          </h1>
          <h2
            style={
              Object {
                "fontSize": "22px",
                "fontWeight": 400,
                "margin": "0 0 10px 0",
                "padding": 0,
              }
            }
          >
            Four grey boxes
          </h2>
        </div>
        <div
          style={
            Object {
              "marginBottom": 0,
            }
          }
        >
          <p
            style={
              Object {
                "WebkitFontSmoothing": "antialiased",
                "color": "#444",
                "fontFamily": "
                  -apple-system, \\".SFNSText-Regular\\", \\"San Francisco\\", \\"Roboto\\",
                  \\"Segoe UI\\", \\"Helvetica Neue\\", \\"Lucida Grande\\", sans-serif
                ",
                "fontSize": "15px",
              }
            }
          >
            Configurable boxes
          </p>
        </div>
        <div>
          <h1
            style={
              Object {
                "borderBottom": "1px solid #EEE",
                "fontSize": "25px",
                "margin": "20px 0 0 0",
                "padding": "0 0 5px 0",
              }
            }
          >
            Story Source
          </h1>
          <pre
            style={
              Object {
                "backgroundColor": "#fafafa",
                "fontFamily": "Menlo, Monaco, \\"Courier New\\", monospace",
                "fontSize": ".88em",
                "lineHeight": 1.5,
                "overflowX": "scroll",
                "padding": ".5rem",
              }
            }
          >
            <div
              style={
                Object {
                  "paddingLeft": 18,
                  "paddingRight": 3,
                }
              }
            >
              <span
                style={
                  Object {
                    "color": "#777",
                  }
                }
              >
                &lt;
                Boxes
              </span>
              <span>
                <span>
                  <span>
                    <br />
                      
                  </span>
                  <span
                    style={Object {}}
                  >
                    quantity
                  </span>
                  <span>
                    =
                    <span
                      style={Object {}}
                    >
                      <span>
                        <span
                          style={
                            Object {
                              "color": "#a11",
                            }
                          }
                        >
                          8
                        </span>
                      </span>
                    </span>
                  </span>
                </span>
                <span>
                  <span>
                    <br />
                      
                  </span>
                  <span
                    style={Object {}}
                  >
                    maxPerRow
                  </span>
                  <span>
                    =
                    <span
                      style={Object {}}
                    >
                      <span>
                        <span
                          style={
                            Object {
                              "color": "#a11",
                            }
                          }
                        >
                          4
                        </span>
                      </span>
                    </span>
                  </span>
                </span>
                <span>
                  <span>
                    <br />
                      
                  </span>
                  <span
                    style={Object {}}
                  >
                    color
                  </span>
                  <span>
                    =
                    <span
                      style={Object {}}
                    >
                      <span
                        style={
                          Object {
                            "color": "#22a",
                            "wordBreak": "break-word",
                          }
                        }
                      >
                        "
                        grey
                        "
                      </span>
                    </span>
                  </span>
                </span>
                <span>
                  <span>
                    <br />
                      
                  </span>
                  <span
                    style={Object {}}
                  >
                    height
                  </span>
                  <span>
                    =
                    <span
                      style={Object {}}
                    >
                      <span>
                        <span
                          style={
                            Object {
                              "color": "#a11",
                            }
                          }
                        >
                          100
                        </span>
                      </span>
                    </span>
                  </span>
                  <br />
                </span>
              </span>
              <span
                style={
                  Object {
                    "color": "#777",
                  }
                }
              >
                /&gt;
              </span>
            </div>
          </pre>
        </div>
        <div>
          <h1
            style={
              Object {
                "borderBottom": "1px solid #EEE",
                "fontSize": "25px",
                "margin": "20px 0 0 0",
                "padding": "0 0 5px 0",
              }
            }
          >
            Prop Types
          </h1>
          <div>
            <h2
              style={
                Object {
                  "margin": "20px 0 0 0",
                }
              }
            >
              "
              Boxes
              " Component
            </h2>
            <table
              style={
                Object {
                  "borderCollapse": "separate",
                  "borderSpacing": "10px 5px",
                  "marginLeft": -10,
                }
              }
            >
              <thead>
                <tr>
                  <th>
                    property
                  </th>
                  <th>
                    propType
                  </th>
                  <th>
                    required
                  </th>
                  <th>
                    default
                  </th>
                  <th>
                    description
                  </th>
                </tr>
              </thead>
              <tbody>
                <tr>
                  <td>
                    color
                  </td>
                  <td>
                    string
                  </td>
                  <td>
                    yes
                  </td>
                  <td>
                    -
                  </td>
                  <td />
                </tr>
                <tr>
                  <td>
                    height
                  </td>
                  <td>
                    number
                  </td>
                  <td>
                    yes
                  </td>
                  <td>
                    -
                  </td>
                  <td />
                </tr>
                <tr>
                  <td>
                    maxPerRow
                  </td>
                  <td>
                    number
                  </td>
                  <td>
                    yes
                  </td>
                  <td>
                    -
                  </td>
                  <td />
                </tr>
                <tr>
                  <td>
                    quantity
                  </td>
                  <td>
                    number
                  </td>
                  <td>
                    yes
                  </td>
                  <td>
                    -
                  </td>
                  <td />
                </tr>
              </tbody>
            </table>
          </div>
        </div>
      </div>
    </div>
  </div>
</div>
`;

exports[`Storyshots Boxes Twenty static red boxes 1`] = `
<section
  style={
    Object {
      "display": "flex",
      "flexDirection": "row",
      "flexWrap": "wrap",
      "justifyContent": "space-between",
      "paddingBottom": "1%",
      "paddingLeft": "1%",
      "paddingRight": "1%",
      "paddingTop": "1%",
    }
  }
>
  <article
    className="box"
    style={
      Object {
        "backgroundColor": "red",
        "boxSizing": "border-box",
        "height": 150,
        "marginBottom": "1%",
        "width": "19.6%",
      }
    }
  />
  <article
    className="box"
    style={
      Object {
        "backgroundColor": "red",
        "boxSizing": "border-box",
        "height": 150,
        "marginBottom": "1%",
        "width": "19.6%",
      }
    }
  />
  <article
    className="box"
    style={
      Object {
        "backgroundColor": "red",
        "boxSizing": "border-box",
        "height": 150,
        "marginBottom": "1%",
        "width": "19.6%",
      }
    }
  />
  <article
    className="box"
    style={
      Object {
        "backgroundColor": "red",
        "boxSizing": "border-box",
        "height": 150,
        "marginBottom": "1%",
        "width": "19.6%",
      }
    }
  />
  <article
    className="box"
    style={
      Object {
        "backgroundColor": "red",
        "boxSizing": "border-box",
        "height": 150,
        "marginBottom": "1%",
        "width": "19.6%",
      }
    }
  />
  <article
    className="box"
    style={
      Object {
        "backgroundColor": "red",
        "boxSizing": "border-box",
        "height": 150,
        "marginBottom": "1%",
        "width": "19.6%",
      }
    }
  />
  <article
    className="box"
    style={
      Object {
        "backgroundColor": "red",
        "boxSizing": "border-box",
        "height": 150,
        "marginBottom": "1%",
        "width": "19.6%",
      }
    }
  />
  <article
    className="box"
    style={
      Object {
        "backgroundColor": "red",
        "boxSizing": "border-box",
        "height": 150,
        "marginBottom": "1%",
        "width": "19.6%",
      }
    }
  />
  <article
    className="box"
    style={
      Object {
        "backgroundColor": "red",
        "boxSizing": "border-box",
        "height": 150,
        "marginBottom": "1%",
        "width": "19.6%",
      }
    }
  />
  <article
    className="box"
    style={
      Object {
        "backgroundColor": "red",
        "boxSizing": "border-box",
        "height": 150,
        "marginBottom": "1%",
        "width": "19.6%",
      }
    }
  />
  <article
    className="box"
    style={
      Object {
        "backgroundColor": "red",
        "boxSizing": "border-box",
        "height": 150,
        "marginBottom": "1%",
        "width": "19.6%",
      }
    }
  />
  <article
    className="box"
    style={
      Object {
        "backgroundColor": "red",
        "boxSizing": "border-box",
        "height": 150,
        "marginBottom": "1%",
        "width": "19.6%",
      }
    }
  />
  <article
    className="box"
    style={
      Object {
        "backgroundColor": "red",
        "boxSizing": "border-box",
        "height": 150,
        "marginBottom": "1%",
        "width": "19.6%",
      }
    }
  />
  <article
    className="box"
    style={
      Object {
        "backgroundColor": "red",
        "boxSizing": "border-box",
        "height": 150,
        "marginBottom": "1%",
        "width": "19.6%",
      }
    }
  />
  <article
    className="box"
    style={
      Object {
        "backgroundColor": "red",
        "boxSizing": "border-box",
        "height": 150,
        "marginBottom": "1%",
        "width": "19.6%",
      }
    }
  />
  <article
    className="box"
    style={
      Object {
        "backgroundColor": "red",
        "boxSizing": "border-box",
        "height": 150,
        "marginBottom": "1%",
        "width": "19.6%",
      }
    }
  />
  <article
    className="box"
    style={
      Object {
        "backgroundColor": "red",
        "boxSizing": "border-box",
        "height": 150,
        "marginBottom": "1%",
        "width": "19.6%",
      }
    }
  />
  <article
    className="box"
    style={
      Object {
        "backgroundColor": "red",
        "boxSizing": "border-box",
        "height": 150,
        "marginBottom": "1%",
        "width": "19.6%",
      }
    }
  />
  <article
    className="box"
    style={
      Object {
        "backgroundColor": "red",
        "boxSizing": "border-box",
        "height": 150,
        "marginBottom": "1%",
        "width": "19.6%",
      }
    }
  />
  <article
    className="box"
    style={
      Object {
        "backgroundColor": "red",
        "boxSizing": "border-box",
        "height": 150,
        "marginBottom": "1%",
        "width": "19.6%",
      }
    }
  />
</section>
`;
